// Jest Snapshot v1, https://goo.gl/fbAQLP

exports[`Test component renders correctly 1`] = `
<body>
  <div>
    <div
      class="w-[400px]"
    >
      <h1
        class="text-2xl font-bold"
      >
        Test component
      </h1>
      <p>
        Hello World
      </p>
    </div>
  </div>
</body>
`;
